<?xml version="1.0" encoding="utf-8"?><testsuites name="pytest tests"><testsuite name="pytest" errors="0" failures="0" skipped="0" tests="195" time="55.028" timestamp="2026-05-02T16:24:47.452335+05:30" hostname="Pavithras-MacBook-Pro.local"><testcase classname="tests.test_api_gateway" name="test_is_public_path_auth_endpoints" time="0.134" /><testcase classname="tests.test_api_gateway" name="test_is_public_path_flights_search" time="0.049" /><testcase classname="tests.test_api_gateway" name="test_is_public_path_health" time="0.009" /><testcase classname="tests.test_api_gateway" name="test_is_private_path_bookings" time="0.009" /><testcase classname="tests.test_api_gateway" name="test_resolve_service_booking" time="0.013" /><testcase classname="tests.test_api_gateway" name="test_resolve_service_unknown_returns_none" time="0.010" /><testcase classname="tests.test_api_gateway" name="test_rate_limit_under_limit_allowed" time="0.009" /><testcase classname="tests.test_api_gateway" name="test_rate_limit_over_limit_blocked" time="0.010" /><testcase classname="tests.test_api_gateway" name="test_rate_limit_partner_higher_limit" time="0.014" /><testcase classname="tests.test_api_gateway" name="test_proxy_public_path_no_auth_needed" time="0.042" /><testcase classname="tests.test_api_gateway" name="test_proxy_protected_path_requires_auth" time="0.019" /><testcase classname="tests.test_api_gateway" name="test_proxy_service_unavailable_503" time="0.051" /><testcase classname="tests.test_auth_service" name="test_register_success" time="1.122" /><testcase classname="tests.test_auth_service" name="test_register_duplicate_email" time="0.123" /><testcase classname="tests.test_auth_service" name="test_register_duplicate_username" time="0.098" /><testcase classname="tests.test_auth_service" name="test_register_default_role_passenger" time="0.800" /><testcase classname="tests.test_auth_service" name="test_register_partner_api_generates_key" time="0.692" /><testcase classname="tests.test_auth_service" name="test_register_airline_staff_abac_attributes" time="0.766" /><testcase classname="tests.test_auth_service" name="test_login_success_returns_tokens" time="1.279" /><testcase classname="tests.test_auth_service" name="test_login_wrong_password" time="1.436" /><testcase classname="tests.test_auth_service" name="test_login_nonexistent_user" time="0.177" /><testcase classname="tests.test_auth_service" name="test_login_inactive_user" time="1.130" /><testcase classname="tests.test_auth_service" name="test_refresh_valid_token" time="0.058" /><testcase classname="tests.test_auth_service" name="test_refresh_access_token_rejected" time="0.059" /><testcase classname="tests.test_auth_service" name="test_validate_api_key_success" time="0.090" /><testcase classname="tests.test_auth_service" name="test_validate_api_key_invalid" time="0.094" /><testcase classname="tests.test_baggage_service" name="test_generate_tag_format" time="0.151" /><testcase classname="tests.test_baggage_service" name="test_register_baggage_success" time="0.161" /><testcase classname="tests.test_baggage_service" name="test_track_baggage_found" time="0.109" /><testcase classname="tests.test_baggage_service" name="test_track_baggage_not_found" time="0.078" /><testcase classname="tests.test_baggage_service" name="test_get_baggage_by_booking" time="0.095" /><testcase classname="tests.test_baggage_service" name="test_update_baggage_status_success" time="0.096" /><testcase classname="tests.test_baggage_service" name="test_update_baggage_status_publishes_event" time="0.259" /><testcase classname="tests.test_booking_service" name="test_generate_booking_ref_format" time="0.339" /><testcase classname="tests.test_booking_service" name="test_generate_booking_ref_uniqueness" time="0.088" /><testcase classname="tests.test_booking_service" name="test_create_booking_success" time="0.169" /><testcase classname="tests.test_booking_service" name="test_create_booking_insufficient_seats" time="0.095" /><testcase classname="tests.test_booking_service" name="test_create_booking_flight_not_found" time="0.106" /><testcase classname="tests.test_booking_service" name="test_create_booking_publishes_event" time="0.262" /><testcase classname="tests.test_booking_service" name="test_create_booking_conflict_retry" time="0.159" /><testcase classname="tests.test_booking_service" name="test_list_bookings_returns_user_bookings" time="0.189" /><testcase classname="tests.test_booking_service" name="test_get_booking_success" time="0.089" /><testcase classname="tests.test_booking_service" name="test_get_booking_not_found" time="0.075" /><testcase classname="tests.test_booking_service" name="test_cancel_booking_success_releases_seats" time="0.091" /><testcase classname="tests.test_booking_service" name="test_cancel_booking_already_cancelled" time="0.111" /><testcase classname="tests.test_checkin_service" name="test_assign_seat_format" time="0.118" /><testcase classname="tests.test_checkin_service" name="test_assign_seat_group_a_rows_1_10" time="0.194" /><testcase classname="tests.test_checkin_service" name="test_assign_seat_group_b_rows_11_20" time="0.099" /><testcase classname="tests.test_checkin_service" name="test_assign_seat_group_c_rows_21_35" time="0.091" /><testcase classname="tests.test_checkin_service" name="test_checkin_success" time="0.137" /><testcase classname="tests.test_checkin_service" name="test_checkin_duplicate_409" time="0.091" /><testcase classname="tests.test_checkin_service" name="test_checkin_publishes_event_with_boarding_group_gate" time="0.088" /><testcase classname="tests.test_checkin_service" name="test_get_checkin_success" time="0.174" /><testcase classname="tests.test_checkin_service" name="test_get_boarding_pass" time="0.070" /><testcase classname="tests.test_flight_service" name="test_create_flight_success" time="0.148" /><testcase classname="tests.test_flight_service" name="test_create_flight_sets_available_from_total" time="0.120" /><testcase classname="tests.test_flight_service" name="test_create_flight_uppercases_origin_destination" time="0.169" /><testcase classname="tests.test_flight_service" name="test_get_flight_cache_hit" time="0.155" /><testcase classname="tests.test_flight_service" name="test_get_flight_cache_miss_fetches_db" time="0.120" /><testcase classname="tests.test_flight_service" name="test_get_flight_not_found" time="0.131" /><testcase classname="tests.test_flight_service" name="test_search_flights_no_filters" time="0.081" /><testcase classname="tests.test_flight_service" name="test_search_flights_with_origin_destination" time="0.333" /><testcase classname="tests.test_flight_service" name="test_search_flights_price_range_filter" time="0.158" /><testcase classname="tests.test_flight_service" name="test_search_flights_pagination_cursor" time="0.112" /><testcase classname="tests.test_flight_service" name="test_search_flights_cache_hit" time="0.124" /><testcase classname="tests.test_flight_service" name="test_update_flight_partial_fields" time="0.178" /><testcase classname="tests.test_flight_service" name="test_update_flight_invalidates_cache" time="0.131" /><testcase classname="tests.test_flight_service" name="test_update_seats_success_increments_version" time="0.189" /><testcase classname="tests.test_flight_service" name="test_update_seats_prevents_negative" time="0.113" /><testcase classname="tests.test_flight_service" name="test_update_seats_optimistic_lock_conflict" time="0.096" /><testcase classname="tests.test_integration" name="test_full_booking_saga_happy_path" time="0.846" /><testcase classname="tests.test_integration" name="test_booking_saga_events_reach_notification" time="0.419" /><testcase classname="tests.test_integration" name="test_cancel_booking_releases_seats" time="0.530" /><testcase classname="tests.test_integration" name="test_cancel_already_cancelled_booking_fails" time="0.375" /><testcase classname="tests.test_integration" name="test_payment_failure_publishes_failed_event" time="0.578" /><testcase classname="tests.test_integration" name="test_payment_failure_booking_stays_pending" time="0.679" /><testcase classname="tests.test_integration" name="test_payment_idempotency_returns_existing" time="0.619" /><testcase classname="tests.test_integration" name="test_double_checkin_returns_409" time="0.427" /><testcase classname="tests.test_integration" name="test_booking_event_reaches_notification" time="0.576" /><testcase classname="tests.test_integration" name="test_payment_event_reaches_notification" time="0.369" /><testcase classname="tests.test_integration" name="test_checkin_event_reaches_notification" time="0.514" /><testcase classname="tests.test_integration" name="test_cancellation_event_reaches_notification" time="0.687" /><testcase classname="tests.test_integration" name="test_gdpr_erasure_cascades_to_services" time="0.556" /><testcase classname="tests.test_integration" name="test_gdpr_erasure_audit_logged" time="0.615" /><testcase classname="tests.test_integration" name="test_gateway_health_endpoint" time="0.456" /><testcase classname="tests.test_integration" name="test_gateway_routes_public_path_no_auth" time="0.822" /><testcase classname="tests.test_integration" name="test_gateway_blocks_protected_path_without_token" time="0.533" /><testcase classname="tests.test_integration" name="test_gateway_forwards_protected_path_with_token" time="0.600" /><testcase classname="tests.test_integration" name="test_gateway_unknown_route_returns_404" time="0.504" /><testcase classname="tests.test_integration" name="test_gateway_service_down_returns_503" time="0.716" /><testcase classname="tests.test_integration" name="test_gateway_partner_api_key_auth" time="0.465" /><testcase classname="tests.test_integration" name="test_gateway_proxies_auth_register" time="1.261" /><testcase classname="tests.test_integration" name="test_gateway_proxies_payments" time="0.433" /><testcase classname="tests.test_integration" name="test_gateway_proxies_baggage" time="0.738" /><testcase classname="tests.test_integration" name="test_gateway_proxies_checkin" time="0.385" /><testcase classname="tests.test_integration" name="test_gateway_proxies_passengers" time="0.577" /><testcase classname="tests.test_integration" name="test_gateway_proxies_notifications" time="0.407" /><testcase classname="tests.test_integration" name="test_rate_limit_blocks_after_limit" time="2.737" /><testcase classname="tests.test_integration" name="test_rate_limit_partner_higher_limit" time="4.687" /><testcase classname="tests.test_integration" name="test_rate_limit_resets_after_window" time="2.136" /><testcase classname="tests.test_integration" name="test_refund_updates_booking_status_and_publishes_event" time="0.502" /><testcase classname="tests.test_integration" name="test_baggage_status_change_publishes_event" time="0.327" /><testcase classname="tests.test_integration" name="test_baggage_event_reaches_notification" time="0.373" /><testcase classname="tests.test_lambda_boarding_pass" name="test_build_pdf_returns_bytes" time="0.500" /><testcase classname="tests.test_lambda_boarding_pass" name="test_build_pdf_contains_passenger_name" time="0.005" /><testcase classname="tests.test_lambda_boarding_pass" name="test_handler_success_uploads_to_s3" time="0.007" /><testcase classname="tests.test_lambda_boarding_pass" name="test_handler_correct_s3_key" time="0.008" /><testcase classname="tests.test_lambda_boarding_pass" name="test_handler_missing_fields_uses_defaults" time="0.007" /><testcase classname="tests.test_lambda_boarding_pass" name="test_handler_detail_as_string_parsed" time="0.008" /><testcase classname="tests.test_lambda_notification_dispatch" name="test_render_template_all_fields" time="0.001" /><testcase classname="tests.test_lambda_notification_dispatch" name="test_render_template_missing_fields_na" time="0.001" /><testcase classname="tests.test_lambda_notification_dispatch" name="test_handler_single_record" time="0.002" /><testcase classname="tests.test_lambda_notification_dispatch" name="test_handler_multiple_records" time="0.002" /><testcase classname="tests.test_lambda_notification_dispatch" name="test_handler_unknown_event_type" time="0.001" /><testcase classname="tests.test_lambda_notification_dispatch" name="test_handler_malformed_record" time="0.001" /><testcase classname="tests.test_lambda_notification_dispatch" name="test_handler_empty_records" time="0.002" /><testcase classname="tests.test_lambda_pricing" name="test_clamp_within_range" time="0.001" /><testcase classname="tests.test_lambda_pricing" name="test_clamp_below_min" time="0.001" /><testcase classname="tests.test_lambda_pricing" name="test_clamp_above_max" time="0.001" /><testcase classname="tests.test_lambda_pricing" name="test_adjust_price_high_demand_increase" time="0.001" /><testcase classname="tests.test_lambda_pricing" name="test_adjust_price_low_demand_decrease" time="0.001" /><testcase classname="tests.test_lambda_pricing" name="test_adjust_price_mid_range_no_change" time="0.001" /><testcase classname="tests.test_lambda_pricing" name="test_adjust_price_clamped_to_max" time="0.001" /><testcase classname="tests.test_lambda_pricing" name="test_adjust_price_clamped_to_min" time="0.001" /><testcase classname="tests.test_lambda_pricing" name="test_adjust_price_zero_total_seats" time="0.001" /><testcase classname="tests.test_lambda_pricing" name="test_handler_updates_flight_prices" time="0.009" /><testcase classname="tests.test_lambda_pricing" name="test_handler_no_scheduled_flights" time="0.007" /><testcase classname="tests.test_lambda_pricing" name="test_handler_rolls_back_on_error" time="0.007" /><testcase classname="tests.test_notification_service" name="test_process_event_booking_created" time="0.058" /><testcase classname="tests.test_notification_service" name="test_process_event_payment_processed" time="0.159" /><testcase classname="tests.test_notification_service" name="test_process_event_checkin_completed" time="0.061" /><testcase classname="tests.test_notification_service" name="test_process_event_unknown_type_skipped" time="0.059" /><testcase classname="tests.test_notification_service" name="test_process_event_missing_fields_uses_na" time="0.060" /><testcase classname="tests.test_notification_service" name="test_create_notification_endpoint" time="0.077" /><testcase classname="tests.test_notification_service" name="test_list_notifications_endpoint" time="0.080" /><testcase classname="tests.test_notification_service" name="test_sqs_polling_disabled_by_default" time="0.095" /><testcase classname="tests.test_passenger_service" name="test_create_profile_encrypts_passport" time="0.302" /><testcase classname="tests.test_passenger_service" name="test_create_profile_duplicate_rejected" time="0.139" /><testcase classname="tests.test_passenger_service" name="test_get_profile_decrypts_passport" time="0.167" /><testcase classname="tests.test_passenger_service" name="test_get_profile_decryption_error_masked" time="0.164" /><testcase classname="tests.test_passenger_service" name="test_update_profile_partial_fields" time="0.140" /><testcase classname="tests.test_passenger_service" name="test_update_profile_re_encrypts_passport" time="0.521" /><testcase classname="tests.test_passenger_service" name="test_delete_profile_gdpr_erasure" time="0.116" /><testcase classname="tests.test_passenger_service" name="test_delete_profile_audit_logged" time="0.166" /><testcase classname="tests.test_passenger_service" name="test_delete_profile_cascades_to_services" time="0.155" /><testcase classname="tests.test_passenger_service" name="test_grant_consent_new" time="0.140" /><testcase classname="tests.test_passenger_service" name="test_grant_consent_revoke" time="0.117" /><testcase classname="tests.test_passenger_service" name="test_list_consents" time="0.124" /><testcase classname="tests.test_payment_service" name="test_simulate_payment_processing_returns_bool" time="0.080" /><testcase classname="tests.test_payment_service" name="test_process_payment_success" time="0.173" /><testcase classname="tests.test_payment_service" name="test_process_payment_idempotency_returns_existing" time="0.084" /><testcase classname="tests.test_payment_service" name="test_process_payment_card_tokenized_not_stored_raw" time="0.307" /><testcase classname="tests.test_payment_service" name="test_process_payment_card_masked_last_four" time="0.106" /><testcase classname="tests.test_payment_service" name="test_process_payment_failure" time="0.098" /><testcase classname="tests.test_payment_service" name="test_process_payment_updates_booking_status" time="0.090" /><testcase classname="tests.test_payment_service" name="test_process_payment_publishes_event" time="0.082" /><testcase classname="tests.test_payment_service" name="test_get_payment_success" time="0.063" /><testcase classname="tests.test_payment_service" name="test_get_payment_not_found" time="0.064" /><testcase classname="tests.test_payment_service" name="test_get_payments_by_booking" time="0.078" /><testcase classname="tests.test_payment_service" name="test_refund_payment_success" time="0.270" /><testcase classname="tests.test_payment_service" name="test_refund_payment_not_completed_rejected" time="0.128" /><testcase classname="tests.test_payment_service" name="test_refund_payment_updates_booking" time="0.286" /><testcase classname="tests.test_shared_auth" name="test_hash_password_returns_bcrypt_hash" time="0.655" /><testcase classname="tests.test_shared_auth" name="test_verify_password_correct" time="1.034" /><testcase classname="tests.test_shared_auth" name="test_verify_password_incorrect" time="1.344" /><testcase classname="tests.test_shared_auth" name="test_create_access_token_contains_claims" time="0.003" /><testcase classname="tests.test_shared_auth" name="test_create_access_token_expiry" time="0.002" /><testcase classname="tests.test_shared_auth" name="test_create_refresh_token_type_claim" time="0.001" /><testcase classname="tests.test_shared_auth" name="test_decode_token_valid" time="0.001" /><testcase classname="tests.test_shared_auth" name="test_decode_token_expired_raises" time="0.116" /><testcase classname="tests.test_shared_auth" name="test_decode_token_invalid_signature_raises" time="0.013" /><testcase classname="tests.test_shared_auth" name="test_decode_token_malformed_raises" time="0.002" /><testcase classname="tests.test_shared_auth" name="test_role_checker_allows_matching_role" time="0.003" /><testcase classname="tests.test_shared_auth" name="test_role_checker_rejects_missing_role" time="0.002" /><testcase classname="tests.test_shared_auth" name="test_role_checker_allows_admin_always" time="0.003" /><testcase classname="tests.test_shared_auth" name="test_get_current_user_valid_token" time="0.002" /><testcase classname="tests.test_shared_auth" name="test_get_current_user_missing_header" time="0.002" /><testcase classname="tests.test_shared_encryption" name="test_encrypt_decrypt_roundtrip" time="0.007" /><testcase classname="tests.test_shared_encryption" name="test_encrypt_returns_different_from_plaintext" time="0.006" /><testcase classname="tests.test_shared_encryption" name="test_decrypt_invalid_token_returns_fallback" time="0.001" /><testcase classname="tests.test_shared_encryption" name="test_encrypt_empty_string" time="0.002" /><testcase classname="tests.test_shared_encryption" name="test_mask_card_number_standard" time="0.001" /><testcase classname="tests.test_shared_encryption" name="test_mask_card_number_short" time="0.001" /><testcase classname="tests.test_shared_encryption" name="test_mask_card_number_empty" time="0.001" /><testcase classname="tests.test_shared_encryption" name="test_tokenize_card_deterministic" time="0.001" /><testcase classname="tests.test_shared_encryption" name="test_tokenize_card_different_inputs" time="0.002" /><testcase classname="tests.test_shared_encryption" name="test_derive_key_consistency" time="0.002" /><testcase classname="tests.test_shared_events" name="test_publish_event_success" time="0.008" /><testcase classname="tests.test_shared_events" name="test_publish_event_adds_timestamp" time="0.006" /><testcase classname="tests.test_shared_events" name="test_publish_event_failure_raises" time="0.004" /><testcase classname="tests.test_shared_events" name="test_poll_returns_parsed_messages" time="0.003" /><testcase classname="tests.test_shared_events" name="test_poll_empty_queue" time="0.003" /><testcase classname="tests.test_shared_events" name="test_poll_handles_json_body" time="0.003" /><testcase classname="tests.test_shared_events" name="test_ack_deletes_message" time="0.007" /><testcase classname="tests.test_shared_events" name="test_ack_failure_raises" time="0.007" /></testsuite></testsuites>